21:15:40 **** Auto Build of configuration Debug for project aes ****
make pre-build main-build 
a9-linaro-pre-build-step
 
Building file: ../src/main.c
Invoking: ARM v7 gcc compiler
arm-none-eabi-gcc -Wall -O0 -g3 -c -fmessage-length=0 -MT"src/main.o" -mcpu=cortex-a9 -mfpu=vfpv3 -mfloat-abi=hard -I../../aes_bsp/ps7_cortexa9_0/include -MMD -MP -MF"src/main.d" -MT"src/main.o" -o "src/main.o" "../src/main.c"
../src/main.c: In function 'main':
../src/main.c:48:11: warning: format '%x' expects argument of type 'unsigned int', but argument 2 has type 'u32' {aka 'long unsigned int'} [-Wformat=]
  printf("%x", read_data1(1));
          ~^   ~~~~~~~~~~~~~
          %lx
../src/main.c:49:11: warning: format '%x' expects argument of type 'unsigned int', but argument 2 has type 'u32' {aka 'long unsigned int'} [-Wformat=]
  printf("%x", read_data1(2));
          ~^   ~~~~~~~~~~~~~
          %lx
../src/main.c:50:11: warning: format '%x' expects argument of type 'unsigned int', but argument 2 has type 'u32' {aka 'long unsigned int'} [-Wformat=]
  printf("%x", read_data1(3));
          ~^   ~~~~~~~~~~~~~
          %lx
../src/main.c:51:11: warning: format '%x' expects argument of type 'unsigned int', but argument 2 has type 'u32' {aka 'long unsigned int'} [-Wformat=]
  printf("%x\n\r\n\r", read_data1(4));
          ~^           ~~~~~~~~~~~~~
          %lx
../src/main.c:63:11: warning: format '%x' expects argument of type 'unsigned int', but argument 2 has type 'u32' {aka 'long unsigned int'} [-Wformat=]
  printf("%x", read_data1(1));
          ~^   ~~~~~~~~~~~~~
          %lx
../src/main.c:64:11: warning: format '%x' expects argument of type 'unsigned int', but argument 2 has type 'u32' {aka 'long unsigned int'} [-Wformat=]
  printf("%x", read_data1(2));
          ~^   ~~~~~~~~~~~~~
          %lx
../src/main.c:65:11: warning: format '%x' expects argument of type 'unsigned int', but argument 2 has type 'u32' {aka 'long unsigned int'} [-Wformat=]
  printf("%x", read_data1(3));
          ~^   ~~~~~~~~~~~~~
          %lx
../src/main.c:66:11: warning: format '%x' expects argument of type 'unsigned int', but argument 2 has type 'u32' {aka 'long unsigned int'} [-Wformat=]
  printf("%x\n\r\n\r", read_data1(4));
          ~^           ~~~~~~~~~~~~~
          %lx
../src/main.c:82:11: warning: format '%x' expects argument of type 'unsigned int', but argument 2 has type 'u32' {aka 'long unsigned int'} [-Wformat=]
  printf("%x", read_data2(6));
          ~^   ~~~~~~~~~~~~~
          %lx
../src/main.c:83:11: warning: format '%x' expects argument of type 'unsigned int', but argument 2 has type 'u32' {aka 'long unsigned int'} [-Wformat=]
  printf("%x", read_data2(7));
          ~^   ~~~~~~~~~~~~~
          %lx
../src/main.c:84:11: warning: format '%x' expects argument of type 'unsigned int', but argument 2 has type 'u32' {aka 'long unsigned int'} [-Wformat=]
  printf("%x", read_data2(8));
          ~^   ~~~~~~~~~~~~~
          %lx
../src/main.c:85:11: warning: format '%x' expects argument of type 'unsigned int', but argument 2 has type 'u32' {aka 'long unsigned int'} [-Wformat=]
  printf("%x\r\n", read_data2(9));
          ~^       ~~~~~~~~~~~~~
          %lx
Finished building: ../src/main.c
 
Building target: aes.elf
Invoking: ARM v7 gcc linker
arm-none-eabi-gcc -mcpu=cortex-a9 -mfpu=vfpv3 -mfloat-abi=hard -Wl,-build-id=none -specs=Xilinx.spec -Wl,-T -Wl,../src/lscript.ld -L../../aes_bsp/ps7_cortexa9_0/lib -o "aes.elf"  ./src/main.o   -Wl,--start-group,-lxil,-lgcc,-lc,--end-group
Finished building target: aes.elf
 
Invoking: ARM v7 Print Size
arm-none-eabi-size aes.elf  |tee "aes.elf.size"
   text	   data	    bss	    dec	    hex	filename
  57612	   2584	  23328	  83524	  14644	aes.elf
Finished building: aes.elf.size
 

21:15:40 Build Finished (took 788ms)

